Error: http://localhost:5005/api/hotels is already used, make sure that nothing is running on the port/url or set reuseExistingServer:true in config.webServer.

